[backblue.gif]
[fade.gif]
[index.html]
[wordstream-files-prod.s3.amazonaws.com/s3fs-public/images/media/images/blog_header_narrow.png]
[wordstream-files-prod.s3.amazonaws.com/s3fs-public/pictures/picture-9402-1465336361.jpg]
[wordstream-files-prod.s3.amazonaws.com/s3fs-public/styles/simple_image/public/images/how-to-write-a-blog-post-student-driver905a.jpg]
[wordstream-files-prod.s3.amazonaws.com/s3fs-public/styles/simple_image/public/images/how-to-write-a-blog-post-planning1577a.png]
[wordstream-files-prod.s3.amazonaws.com/s3fs-public/styles/simple_image/public/images/how-to-write-a-blog-post-boringae18.jpg]
[wordstream-files-prod.s3.amazonaws.com/s3fs-public/styles/simple_image/public/images/how-to-write-a-blog-post-researchb991.jpg]
[cdn.omniconvert.com/js/718fb9.js]
[wordstream-files-prod.s3.amazonaws.com/s3fs-public/styles/simple_image/public/images/how-to-write-a-blog-post-funny-wikipedia4291.jpg]
[wordstream-files-prod.s3.amazonaws.com/s3fs-public/styles/simple_image/public/images/how-to-write-a-blog-post-steve-jobs-powerpointbb35.jpg]
[wordstream-files-prod.s3.amazonaws.com/s3fs-public/styles/simple_image/public/images/how-to-write-a-blog-post-funny-headline4105.jpg]
[wordstream-files-prod.s3.amazonaws.com/s3fs-public/styles/simple_image/public/images/how-to-write-a-blog-post-upworthy-headline-rules9117.jpg]
[wordstream-files-prod.s3.amazonaws.com/s3fs-public/styles/simple_image/public/images/how-to-write-a-blog-post-how-to-articledf23.png]
[wordstream-files-prod.s3.amazonaws.com/s3fs-public/styles/simple_image/public/images/how-to-write-a-blog-post-writingdffd.jpg]
[wordstream-files-prod.s3.amazonaws.com/s3fs-public/styles/simple_image/public/images/how-to-write-a-blog-post-funny-picture6beb.jpg]
[wordstream-files-prod.s3.amazonaws.com/s3fs-public/styles/simple_image/public/images/how-to-write-a-blog-post-avoid-repetition74b9.jpg]
[wordstream-files-prod.s3.amazonaws.com/s3fs-public/styles/simple_image/public/images/how-to-write-a-blog-post-readinge6cc.jpg]
[wordstream-files-prod.s3.amazonaws.com/s3fs-public/styles/simple_image/public/images/how-to-write-a-blog-post-cutting5a12.jpg]
[wordstream-files-prod.s3.amazonaws.com/s3fs-public/styles/small_120x120/public/pictures/picture-9402-1465336361a5f4.jpg]
[wordstream-files-prod.s3.amazonaws.com/s3fs-public/adwords-grader.png]
[wordstream-files-prod.s3.amazonaws.com/s3fs-public/styles/thumbnail/public/find-things-to-write-about-header0999.jpg]
[wordstream-files-prod.s3.amazonaws.com/s3fs-public/styles/thumbnail/public/content-promotion-tools61dd.jpg]
[wordstream-files-prod.s3.amazonaws.com/s3fs-public/styles/thumbnail/public/cornerstone-content-guide9dc6.png]
[wordstream-files-prod.s3.amazonaws.com/s3fs-public/styles/simple_image/public/images/media/images/fkt_b01_1200x300a143.gif]
[apis.google.com/js/platform.js]
[app-sji.marketo.com/js/forms2/js/forms2.min.js]
[www.wordstream.com/blog/ws/2015/02/09/how-to-write-a-blog-post.html]
[www.googletagmanager.com/gtm5445.html]
[platform-api.sharethis.com/js/sharethis.js]
[app-sji.marketo.com/js/forms2/js/forms2.min.js]
[www.wordstream.com/blog/ws/2015/02/09/jquery.build.html]
[www.wordstream.com/blog/ws/2015/02/jquery.html]
[www.wordstream.com/blog/ws/2015/02/09/fieldHelpers.html]
[www.wordstream.com/blog/ws/2015/02/09/jquery.html]
[www.wordstream.com/blog/ws/2015/02/09/measure.html]
[www.wordstream.com/blog/ws/2015/02/09/yepnope.html]
[www.wordstream.com/blog/ws/2015/02/09/fields/fieldHelpers.html]
[www.wordstream.com/blog/ws/2015/02/09/modernizr.html]
